// Jest Snapshot v1, https://goo.gl/fbAQLP

exports[`CheckboxWidget renders a checkbox widget component 1`] = `<DocumentFragment />`;

exports[`CheckboxWidget renders a checkbox widget component checked 1`] = `<DocumentFragment />`;
