// Jest Snapshot v1, https://goo.gl/fbAQLP

exports[`App renders a CCv2 style app component 1`] = `
Array [
  <main />,
  <div
    className="Toastify"
  />,
]
`;
