// Jest Snapshot v1, https://goo.gl/fbAQLP

exports[`App renders a app component 1`] = `
Array [
  <div
    id="segment"
  />,
  <div
    className="Toastify"
  />,
]
`;
